// Jest Snapshot v1, https://goo.gl/fbAQLP

exports[`Pruebas en <GifGrid /> debe mostrar <GifGrid /> de manera correcta 1`] = `
<Fragment>
  <p
    className="animate__animated animate__flash"
  >
    Cargando ... 
  </p>
  <h2
    className="card-grid__h1"
  >
    Resultados para 
    hola mundo
  </h2>
  <div
    className="card-grid"
  />
</Fragment>
`;
